
Kuo@Kuo-PC MINGW64 ~
$ cd blogger

Kuo@Kuo-PC MINGW64 ~/blogger (gh-pages|REBASE-i)
$ git init
Reinitialized existing Git repository in C:/Users/Kuo/blogger/.git/

Kuo@Kuo-PC MINGW64 ~/blogger (gh-pages|REBASE-i)
$ git add .

Kuo@Kuo-PC MINGW64 ~/blogger (gh-pages|REBASE-i)
$ git commit -m "updated site"
[gh-pages 42b6dd2] updated site
 1 file changed, 1 deletion(-)
 delete mode 100644 7786955.pub

Kuo@Kuo-PC MINGW64 ~/blogger (gh-pages|REBASE-i)
$ git push myorigin gh-pages
ssh: Could not resolve hostname github.com:flkuo: Name or service not known
fatal: Could not read from remote repository.

Please make sure you have the correct access rights
and the repository exists.

Kuo@Kuo-PC MINGW64 ~/blogger (gh-pages|REBASE-i)
$ git push myorigin gh-pages --force
ssh: Could not resolve hostname github.com:flkuo: Name or service not known
fatal: Could not read from remote repository.

Please make sure you have the correct access rights
and the repository exists.

Kuo@Kuo-PC MINGW64 ~/blogger (gh-pages|REBASE-i)
$ git push -force
error: did you mean `--force` (with two dashes ?)

Kuo@Kuo-PC MINGW64 ~/blogger (gh-pages|REBASE-i)
$ git  push --force
fatal: No configured push destination.
Either specify the URL from the command-line or configure a remote repository using

    git remote add <name> <url>

and then push using the remote name

    git push <name>


Kuo@Kuo-PC MINGW64 ~/blogger (gh-pages|REBASE-i)
$ git remote add myorigin ssh://git@github.com:flkuo/blog.git
fatal: remote myorigin already exists.

Kuo@Kuo-PC MINGW64 ~/blogger (gh-pages|REBASE-i)
$ git remote add origin ssh://git@github.com:flkuo/blog.git

Kuo@Kuo-PC MINGW64 ~/blogger (gh-pages|REBASE-i)
$ git push origin
fatal: The current branch gh-pages has no upstream branch.
To push the current branch and set the remote as upstream, use

    git push --set-upstream origin gh-pages


Kuo@Kuo-PC MINGW64 ~/blogger (gh-pages|REBASE-i)
$ git push --set-upstream otigin gh-pages
fatal: 'otigin' does not appear to be a git repository
fatal: Could not read from remote repository.

Please make sure you have the correct access rights
and the repository exists.

Kuo@Kuo-PC MINGW64 ~/blogger (gh-pages|REBASE-i)
$ git fetch
ssh: Could not resolve hostname github.com:flkuo: Name or service not known
fatal: Could not read from remote repository.

Please make sure you have the correct access rights
and the repository exists.

Kuo@Kuo-PC MINGW64 ~/blogger (gh-pages|REBASE-i)
$ git remote rm myorigin

Kuo@Kuo-PC MINGW64 ~/blogger (gh-pages|REBASE-i)
$ git push --set-upstream origin gh-pages
ssh: Could not resolve hostname github.com:flkuo: Name or service not known
fatal: Could not read from remote repository.

Please make sure you have the correct access rights
and the repository exists.

Kuo@Kuo-PC MINGW64 ~/blogger (gh-pages|REBASE-i)
$ git clone git@github.com:flkuo/blog.git
fatal: destination path 'blog' already exists and is not an empty directory.

Kuo@Kuo-PC MINGW64 ~/blogger (gh-pages|REBASE-i)
$ ping github.com

Pinging github.com [192.30.253.112] with 32 bytes of data:
Reply from 192.30.253.112: bytes=32 time=263ms TTL=49
Reply from 192.30.253.112: bytes=32 time=285ms TTL=49
Reply from 192.30.253.112: bytes=32 time=216ms TTL=49
Reply from 192.30.253.112: bytes=32 time=229ms TTL=49

Ping statistics for 192.30.253.112:
    Packets: Sent = 4, Received = 4, Lost = 0 (0% loss),
Approximate round trip times in milli-seconds:
    Minimum = 216ms, Maximum = 285ms, Average = 248ms

Kuo@Kuo-PC MINGW64 ~/blogger (gh-pages|REBASE-i)
$ git clone https://github.com/flkuo/blog.git
fatal: destination path 'blog' already exists and is not an empty directory.

Kuo@Kuo-PC MINGW64 ~/blogger (gh-pages|REBASE-i)
$ ^C

Kuo@Kuo-PC MINGW64 ~/blogger (gh-pages|REBASE-i)
$  git clone https://github.com/flkuo/blog.git .
fatal: destination path '.' already exists and is not an empty directory.

Kuo@Kuo-PC MINGW64 ~/blogger (gh-pages|REBASE-i)
$ ls -a
./           _drafts/    404.html      blog/             index.md    rss.xml
../          _includes/  7786955       categories.html   LICENSE     tags.html
.git/        _layouts/   archive.html  changelog.md      pages.html
.gitignore   _plugins/   assets/       Gemfile           Rakefile
_config.yml  _posts/     atom.xml      History.markdown  README.md

Kuo@Kuo-PC MINGW64 ~/blogger (gh-pages|REBASE-i)
$ git init .
Reinitialized existing Git repository in C:/Users/Kuo/blogger/.git/

Kuo@Kuo-PC MINGW64 ~/blogger (gh-pages|REBASE-i)
$ git remote add -t \* -f origin ssh://git@github.com:flkuo/blog.git
fatal: remote origin already exists.

Kuo@Kuo-PC MINGW64 ~/blogger (gh-pages|REBASE-i)
$ git checkout master
error: pathspec 'master' did not match any file(s) known to git.

Kuo@Kuo-PC MINGW64 ~/blogger (gh-pages|REBASE-i)
$ git checkout REBASE-i
error: pathspec 'REBASE-i' did not match any file(s) known to git.

Kuo@Kuo-PC MINGW64 ~/blogger (gh-pages|REBASE-i)
$ git init .
Reinitialized existing Git repository in C:/Users/Kuo/blogger/.git/

Kuo@Kuo-PC MINGW64 ~/blogger (gh-pages|REBASE-i)
$ git remote add myorigin ssh://git@github.com:flkuo/blog.git

Kuo@Kuo-PC MINGW64 ~/blogger (gh-pages|REBASE-i)
$ git pull myorigin gh-pages
ssh: Could not resolve hostname github.com:flkuo: Name or service not known
fatal: Could not read from remote repository.

Please make sure you have the correct access rights
and the repository exists.

Kuo@Kuo-PC MINGW64 ~/blogger (gh-pages|REBASE-i)
$ git clone myorigin tmp && mv tmp/.git . && rm -rf tmp && git reset --hard
fatal: repository 'myorigin' does not exist

Kuo@Kuo-PC MINGW64 ~/blogger (gh-pages|REBASE-i)
$ git clone your-repo tmp && mv tmp/.git . && rm -rf tmp && git reset --hard
fatal: repository 'your-repo' does not exist

Kuo@Kuo-PC MINGW64 ~/blogger (gh-pages|REBASE-i)
$ git clone origin tmp && mv tmp/.git . && rm -rf tmp && git reset --hard
fatal: repository 'origin' does not exist

Kuo@Kuo-PC MINGW64 ~/blogger (gh-pages|REBASE-i)
$ git clone gh-pages tmp && mv tmp/.git . && rm -rf tmp && git reset --hard
fatal: repository 'gh-pages' does not exist

Kuo@Kuo-PC MINGW64 ~/blogger (gh-pages|REBASE-i)
$ cd ..

Kuo@Kuo-PC MINGW64 ~
$ git init blogger
Initialized empty Git repository in C:/Users/Kuo/blogger/.git/

Kuo@Kuo-PC MINGW64 ~
$ cd blogger

Kuo@Kuo-PC MINGW64 ~/blogger (master)
$ git checkout -b gh-pages
Switched to a new branch 'gh-pages'

Kuo@Kuo-PC MINGW64 ~/blogger (gh-pages)
$ ls

Kuo@Kuo-PC MINGW64 ~/blogger (gh-pages)
$ ls
Gemfile

Kuo@Kuo-PC MINGW64 ~/blogger (gh-pages)
$ bumdle install
bash: bumdle: command not found

Kuo@Kuo-PC MINGW64 ~/blogger (gh-pages)
$ bundle exec jekyll _3.3.0_ new blogger
bundler: command not found: jekyll
Install missing gem executables with `bundle install`

Kuo@Kuo-PC MINGW64 ~/blogger (gh-pages)
$ cd blooger
bash: cd: blooger: No such file or directory

Kuo@Kuo-PC MINGW64 ~/blogger (gh-pages)
$ cd ..

Kuo@Kuo-PC MINGW64 ~
$ cd blogger

Kuo@Kuo-PC MINGW64 ~/blogger (gh-pages)
$ git init
Reinitialized existing Git repository in C:/Users/Kuo/blogger/.git/

Kuo@Kuo-PC MINGW64 ~/blogger (gh-pages)
$ git remote add origin ssh://git@github.com:flkuo/blog.git

Kuo@Kuo-PC MINGW64 ~/blogger (gh-pages)
$ git add .
warning: LF will be replaced by CRLF in 404.md.
The file will have its original line endings in your working directory.
warning: LF will be replaced by CRLF in Gemfile.
The file will have its original line endings in your working directory.
warning: LF will be replaced by CRLF in README.md.
The file will have its original line endings in your working directory.
warning: LF will be replaced by CRLF in _config.yml.
The file will have its original line endings in your working directory.
warning: LF will be replaced by CRLF in _includes/footer.html.
The file will have its original line endings in your working directory.
warning: LF will be replaced by CRLF in _includes/head.html.
The file will have its original line endings in your working directory.
warning: LF will be replaced by CRLF in _includes/header-custom.html.
The file will have its original line endings in your working directory.
warning: LF will be replaced by CRLF in _includes/header.html.
The file will have its original line endings in your working directory.
warning: LF will be replaced by CRLF in _includes/link.html.
The file will have its original line endings in your working directory.
warning: LF will be replaced by CRLF in _includes/menu.html.
The file will have its original line endings in your working directory.
warning: LF will be replaced by CRLF in _includes/nav-footer-custom.html.
The file will have its original line endings in your working directory.
warning: LF will be replaced by CRLF in _includes/nav-footer.html.
The file will have its original line endings in your working directory.
warning: LF will be replaced by CRLF in _includes/script.html.
The file will have its original line endings in your working directory.
warning: LF will be replaced by CRLF in _layouts/default.html.
The file will have its original line endings in your working directory.
warning: LF will be replaced by CRLF in _layouts/page.html.
The file will have its original line endings in your working directory.
warning: LF will be replaced by CRLF in _layouts/post.html.
The file will have its original line endings in your working directory.
warning: LF will be replaced by CRLF in _posts/2017-02-10-hello-world.md.
The file will have its original line endings in your working directory.
warning: LF will be replaced by CRLF in _posts/2017-02-11-test-post-1.md.
The file will have its original line endings in your working directory.
warning: LF will be replaced by CRLF in _posts/2017-02-11-test-post-2.md.
The file will have its original line endings in your working directory.
warning: LF will be replaced by CRLF in _posts/2017-02-11-test-post-3.md.
The file will have its original line endings in your working directory.
warning: LF will be replaced by CRLF in _posts/2017-02-11-test-post-4.md.
The file will have its original line endings in your working directory.
warning: LF will be replaced by CRLF in _posts/2017-02-11-test-post-5.md.
The file will have its original line endings in your working directory.
warning: LF will be replaced by CRLF in _posts/2017-02-11-test-post-6.md.
The file will have its original line endings in your working directory.
warning: LF will be replaced by CRLF in _posts/2017-02-11-test-post-7.md.
The file will have its original line endings in your working directory.
warning: LF will be replaced by CRLF in _posts/2017-02-11-test-post-8.md.
The file will have its original line endings in your working directory.
warning: LF will be replaced by CRLF in _posts/2017-02-12-code-example.md.
The file will have its original line endings in your working directory.
warning: LF will be replaced by CRLF in _posts/2017-02-14-typography-example.md.
The file will have its original line endings in your working directory.
warning: LF will be replaced by CRLF in _posts/2017-02-18-thereviewindex-introduction.md.
The file will have its original line endings in your working directory.
warning: LF will be replaced by CRLF in _sass/base.scss.
The file will have its original line endings in your working directory.
warning: LF will be replaced by CRLF in _sass/custom.scss.
The file will have its original line endings in your working directory.
warning: LF will be replaced by CRLF in _sass/layout.scss.
The file will have its original line endings in your working directory.
warning: LF will be replaced by CRLF in _sass/mixin.scss.
The file will have its original line endings in your working directory.
warning: LF will be replaced by CRLF in _sass/syntax.scss.
The file will have its original line endings in your working directory.
warning: LF will be replaced by CRLF in _sass/typography.scss.
The file will have its original line endings in your working directory.
warning: LF will be replaced by CRLF in _site/404.html.
The file will have its original line endings in your working directory.
warning: LF will be replaced by CRLF in _site/README.md.
The file will have its original line endings in your working directory.
warning: LF will be replaced by CRLF in _site/about.html.
The file will have its original line endings in your working directory.
warning: LF will be replaced by CRLF in _site/atom.xml.
The file will have its original line endings in your working directory.
warning: LF will be replaced by CRLF in _site/code-example.html.
The file will have its original line endings in your working directory.
warning: LF will be replaced by CRLF in _site/css/main.css.
The file will have its original line endings in your working directory.
warning: LF will be replaced by CRLF in _site/hello-world.html.
The file will have its original line endings in your working directory.
warning: LF will be replaced by CRLF in _site/img/monochrome.svg.
The file will have its original line endings in your working directory.
warning: LF will be replaced by CRLF in _site/index.html.
The file will have its original line endings in your working directory.
warning: LF will be replaced by CRLF in _site/js/main.js.
The file will have its original line endings in your working directory.
warning: LF will be replaced by CRLF in _site/license.md.
The file will have its original line endings in your working directory.
warning: LF will be replaced by CRLF in _site/page2/index.html.
The file will have its original line endings in your working directory.
warning: LF will be replaced by CRLF in _site/robots.txt.
The file will have its original line endings in your working directory.
warning: LF will be replaced by CRLF in _site/sitemap.xml.
The file will have its original line endings in your working directory.
warning: LF will be replaced by CRLF in _site/test-post-1.html.
The file will have its original line endings in your working directory.
warning: LF will be replaced by CRLF in _site/test-post-2.html.
The file will have its original line endings in your working directory.
warning: LF will be replaced by CRLF in _site/test-post-3.html.
The file will have its original line endings in your working directory.
warning: LF will be replaced by CRLF in _site/test-post-4.html.
The file will have its original line endings in your working directory.
warning: LF will be replaced by CRLF in _site/test-post-5.html.
The file will have its original line endings in your working directory.
warning: LF will be replaced by CRLF in _site/test-post-6.html.
The file will have its original line endings in your working directory.
warning: LF will be replaced by CRLF in _site/test-post-7.html.
The file will have its original line endings in your working directory.
warning: LF will be replaced by CRLF in _site/test-post-8.html.
The file will have its original line endings in your working directory.
warning: LF will be replaced by CRLF in _site/thereviewindex-introduction.html.
The file will have its original line endings in your working directory.
warning: LF will be replaced by CRLF in _site/typography-example.html.
The file will have its original line endings in your working directory.
warning: LF will be replaced by CRLF in about.md.
The file will have its original line endings in your working directory.
warning: LF will be replaced by CRLF in atom.xml.
The file will have its original line endings in your working directory.
warning: LF will be replaced by CRLF in css/main.scss.
The file will have its original line endings in your working directory.
warning: LF will be replaced by CRLF in img/monochrome.svg.
The file will have its original line endings in your working directory.
warning: LF will be replaced by CRLF in index.html.
The file will have its original line endings in your working directory.
warning: LF will be replaced by CRLF in js/main.js.
The file will have its original line endings in your working directory.
warning: LF will be replaced by CRLF in license.md.
The file will have its original line endings in your working directory.

Kuo@Kuo-PC MINGW64 ~/blogger (gh-pages)
$ git commit -m "updated site"
[gh-pages (root-commit) 9419684] updated site
 79 files changed, 5433 insertions(+)
 create mode 100644 .sass-cache/9d5f1fc03c023c58a3e0f0d3fa4742f778bbdef6/base.scssc
 create mode 100644 .sass-cache/9d5f1fc03c023c58a3e0f0d3fa4742f778bbdef6/custom.scssc
 create mode 100644 .sass-cache/9d5f1fc03c023c58a3e0f0d3fa4742f778bbdef6/layout.scssc
 create mode 100644 .sass-cache/9d5f1fc03c023c58a3e0f0d3fa4742f778bbdef6/mixin.scssc
 create mode 100644 .sass-cache/9d5f1fc03c023c58a3e0f0d3fa4742f778bbdef6/syntax.scssc
 create mode 100644 .sass-cache/9d5f1fc03c023c58a3e0f0d3fa4742f778bbdef6/typography.scssc
 create mode 100644 404.md
 create mode 100644 Gemfile
 create mode 100644 README.md
 create mode 100644 _config.yml
 create mode 100644 _includes/footer.html
 create mode 100644 _includes/head.html
 create mode 100644 _includes/header-custom.html
 create mode 100644 _includes/header.html
 create mode 100644 _includes/link.html
 create mode 100644 _includes/menu.html
 create mode 100644 _includes/nav-footer-custom.html
 create mode 100644 _includes/nav-footer.html
 create mode 100644 _includes/script.html
 create mode 100644 _layouts/default.html
 create mode 100644 _layouts/page.html
 create mode 100644 _layouts/post.html
 create mode 100644 _posts/2017-02-10-hello-world.md
 create mode 100644 _posts/2017-02-11-test-post-1.md
 create mode 100644 _posts/2017-02-11-test-post-2.md
 create mode 100644 _posts/2017-02-11-test-post-3.md
 create mode 100644 _posts/2017-02-11-test-post-4.md
 create mode 100644 _posts/2017-02-11-test-post-5.md
 create mode 100644 _posts/2017-02-11-test-post-6.md
 create mode 100644 _posts/2017-02-11-test-post-7.md
 create mode 100644 _posts/2017-02-11-test-post-8.md
 create mode 100644 _posts/2017-02-12-code-example.md
 create mode 100644 _posts/2017-02-14-typography-example.md
 create mode 100644 _posts/2017-02-18-thereviewindex-introduction.md
 create mode 100644 _sass/base.scss
 create mode 100644 _sass/custom.scss
 create mode 100644 _sass/layout.scss
 create mode 100644 _sass/mixin.scss
 create mode 100644 _sass/syntax.scss
 create mode 100644 _sass/typography.scss
 create mode 100644 _site/404.html
 create mode 100644 _site/README.md
 create mode 100644 _site/about.html
 create mode 100644 _site/atom.xml
 create mode 100644 _site/code-example.html
 create mode 100644 _site/css/main.css
 create mode 100644 _site/hello-world.html
 create mode 100644 _site/img/favicon.png
 create mode 100644 _site/img/img-test.png
 create mode 100644 _site/img/monochrome-mobile.png
 create mode 100644 _site/img/monochrome.svg
 create mode 100644 _site/img/monochrome01.png
 create mode 100644 _site/index.html
 create mode 100644 _site/js/main.js
 create mode 100644 _site/license.md
 create mode 100644 _site/page2/index.html
 create mode 100644 _site/robots.txt
 create mode 100644 _site/sitemap.xml
 create mode 100644 _site/test-post-1.html
 create mode 100644 _site/test-post-2.html
 create mode 100644 _site/test-post-3.html
 create mode 100644 _site/test-post-4.html
 create mode 100644 _site/test-post-5.html
 create mode 100644 _site/test-post-6.html
 create mode 100644 _site/test-post-7.html
 create mode 100644 _site/test-post-8.html
 create mode 100644 _site/thereviewindex-introduction.html
 create mode 100644 _site/typography-example.html
 create mode 100644 about.md
 create mode 100644 atom.xml
 create mode 100644 css/main.scss
 create mode 100644 img/favicon.png
 create mode 100644 img/img-test.png
 create mode 100644 img/monochrome-mobile.png
 create mode 100644 img/monochrome.svg
 create mode 100644 img/monochrome01.png
 create mode 100644 index.html
 create mode 100644 js/main.js
 create mode 100644 license.md

Kuo@Kuo-PC MINGW64 ~/blogger (gh-pages)
$ git push -u origin gh-pages
ssh: Could not resolve hostname github.com:flkuo: Name or service not known
fatal: Could not read from remote repository.

Please make sure you have the correct access rights
and the repository exists.

Kuo@Kuo-PC MINGW64 ~/blogger (gh-pages)
$ git puch -u origin master
git: 'puch' is not a git command. See 'git --help'.

The most similar command is
        push

Kuo@Kuo-PC MINGW64 ~/blogger (gh-pages)
$ push
bash: push: command not found

Kuo@Kuo-PC MINGW64 ~/blogger (gh-pages)
$ git push
fatal: The current branch gh-pages has no upstream branch.
To push the current branch and set the remote as upstream, use

    git push --set-upstream origin gh-pages


Kuo@Kuo-PC MINGW64 ~/blogger (gh-pages)
$ git push --set-upstream origin gh-pages
ssh: Could not resolve hostname github.com:flkuo: Name or service not known
fatal: Could not read from remote repository.

Please make sure you have the correct access rights
and the repository exists.

Kuo@Kuo-PC MINGW64 ~/blogger (gh-pages)
$ git rebase origin/gh-pages
fatal: Needed a single revision
invalid upstream 'origin/gh-pages'

Kuo@Kuo-PC MINGW64 ~/blogger (gh-pages)
$ git remote add origin ssh://git@github.com:flkuo/blog.git
fatal: remote origin already exists.

Kuo@Kuo-PC MINGW64 ~/blogger (gh-pages)
$ bundle exec jekyll serve
bundler: command not found: jekyll
Install missing gem executables with `bundle install`

Kuo@Kuo-PC MINGW64 ~/blogger (gh-pages)
$ bundle install
Fetching gem metadata from https://rubygems.org/............
Fetching gem metadata from https://rubygems.org/..
Resolving dependencies...
Using public_suffix 3.0.1
Using addressable 2.5.2
Using bundler 1.16.1
Using colorator 1.1.0
Using concurrent-ruby 1.0.5
Using eventmachine 1.2.5 (x64-mingw32)
Fetching http_parser.rb 0.6.0
Installing http_parser.rb 0.6.0 with native extensions
MSYS2 could not be found. Please run 'ridk install'
or download and install MSYS2 manually from https://msys2.github.io/

Kuo@Kuo-PC MINGW64 ~/blogger (gh-pages)
$ git push --set-upstream origin gh-pages
ssh: Could not resolve hostname github.com:flkuo: Name or service not known
fatal: Could not read from remote repository.

Please make sure you have the correct access rights
and the repository exists.

Kuo@Kuo-PC MINGW64 ~/blogger (gh-pages)
$ ping github.com

Pinging github.com [192.30.253.113] with 32 bytes of data:
Reply from 192.30.253.113: bytes=32 time=313ms TTL=49
Reply from 192.30.253.113: bytes=32 time=236ms TTL=49
Reply from 192.30.253.113: bytes=32 time=218ms TTL=49
Reply from 192.30.253.113: bytes=32 time=290ms TTL=49

Ping statistics for 192.30.253.113:
    Packets: Sent = 4, Received = 4, Lost = 0 (0% loss),
Approximate round trip times in milli-seconds:
    Minimum = 218ms, Maximum = 313ms, Average = 264ms

Kuo@Kuo-PC MINGW64 ~/blogger (gh-pages)
$ git push --set-upstream origin gh-pages
ssh: Could not resolve hostname github.com:flkuo: Name or service not known
fatal: Could not read from remote repository.

Please make sure you have the correct access rights
and the repository exists.

Kuo@Kuo-PC MINGW64 ~/blogger (gh-pages)
$ git status
On branch gh-pages
nothing to commit, working tree clean

Kuo@Kuo-PC MINGW64 ~/blogger (gh-pages)
$ ssh -T git@github.com
Enter passphrase for key '/c/Users/Kuo/.ssh/id_rsa':
Hi flkuo! You've successfully authenticated, but GitHub does not provide shell access.

Kuo@Kuo-PC MINGW64 ~/blogger (gh-pages)
$ git remote set-url origin git@github.com:flkuo/blog.git

Kuo@Kuo-PC MINGW64 ~/blogger (gh-pages)
$ rm -rf .git

Kuo@Kuo-PC MINGW64 ~/blogger
$ git init
Initialized empty Git repository in C:/Users/Kuo/blogger/.git/

Kuo@Kuo-PC MINGW64 ~/blogger (master)
$ git remote add origin git@github.com:flkuo/blog.git

Kuo@Kuo-PC MINGW64 ~/blogger (master)
$ git commit --allow-empty -m "first commit"
[master (root-commit) 3e1e0c4] first commit

Kuo@Kuo-PC MINGW64 ~/blogger (master)
$ git push origin master
Enter passphrase for key '/c/Users/Kuo/.ssh/id_rsa':
Counting objects: 2, done.
Writing objects: 100% (2/2), 156 bytes | 78.00 KiB/s, done.
Total 2 (delta 0), reused 0 (delta 0)
To github.com:flkuo/blog.git
 * [new branch]      master -> master

Kuo@Kuo-PC MINGW64 ~/blogger (master)
$ git checkout -b gh-pages
Switched to a new branch 'gh-pages'

Kuo@Kuo-PC MINGW64 ~/blogger (gh-pages)
$ git init
Reinitialized existing Git repository in C:/Users/Kuo/blogger/.git/

Kuo@Kuo-PC MINGW64 ~/blogger (gh-pages)
$ git add .
warning: LF will be replaced by CRLF in 404.md.
The file will have its original line endings in your working directory.
warning: LF will be replaced by CRLF in Gemfile.
The file will have its original line endings in your working directory.
warning: LF will be replaced by CRLF in README.md.
The file will have its original line endings in your working directory.
warning: LF will be replaced by CRLF in _config.yml.
The file will have its original line endings in your working directory.
warning: LF will be replaced by CRLF in _includes/footer.html.
The file will have its original line endings in your working directory.
warning: LF will be replaced by CRLF in _includes/head.html.
The file will have its original line endings in your working directory.
warning: LF will be replaced by CRLF in _includes/header-custom.html.
The file will have its original line endings in your working directory.
warning: LF will be replaced by CRLF in _includes/header.html.
The file will have its original line endings in your working directory.
warning: LF will be replaced by CRLF in _includes/link.html.
The file will have its original line endings in your working directory.
warning: LF will be replaced by CRLF in _includes/menu.html.
The file will have its original line endings in your working directory.
warning: LF will be replaced by CRLF in _includes/nav-footer-custom.html.
The file will have its original line endings in your working directory.
warning: LF will be replaced by CRLF in _includes/nav-footer.html.
The file will have its original line endings in your working directory.
warning: LF will be replaced by CRLF in _includes/script.html.
The file will have its original line endings in your working directory.
warning: LF will be replaced by CRLF in _layouts/default.html.
The file will have its original line endings in your working directory.
warning: LF will be replaced by CRLF in _layouts/page.html.
The file will have its original line endings in your working directory.
warning: LF will be replaced by CRLF in _layouts/post.html.
The file will have its original line endings in your working directory.
warning: LF will be replaced by CRLF in _posts/2017-02-10-hello-world.md.
The file will have its original line endings in your working directory.
warning: LF will be replaced by CRLF in _posts/2017-02-11-test-post-1.md.
The file will have its original line endings in your working directory.
warning: LF will be replaced by CRLF in _posts/2017-02-11-test-post-2.md.
The file will have its original line endings in your working directory.
warning: LF will be replaced by CRLF in _posts/2017-02-11-test-post-3.md.
The file will have its original line endings in your working directory.
warning: LF will be replaced by CRLF in _posts/2017-02-11-test-post-4.md.
The file will have its original line endings in your working directory.
warning: LF will be replaced by CRLF in _posts/2017-02-11-test-post-5.md.
The file will have its original line endings in your working directory.
warning: LF will be replaced by CRLF in _posts/2017-02-11-test-post-6.md.
The file will have its original line endings in your working directory.
warning: LF will be replaced by CRLF in _posts/2017-02-11-test-post-7.md.
The file will have its original line endings in your working directory.
warning: LF will be replaced by CRLF in _posts/2017-02-11-test-post-8.md.
The file will have its original line endings in your working directory.
warning: LF will be replaced by CRLF in _posts/2017-02-12-code-example.md.
The file will have its original line endings in your working directory.
warning: LF will be replaced by CRLF in _posts/2017-02-14-typography-example.md.
The file will have its original line endings in your working directory.
warning: LF will be replaced by CRLF in _posts/2017-02-18-thereviewindex-introduction.md.
The file will have its original line endings in your working directory.
warning: LF will be replaced by CRLF in _sass/base.scss.
The file will have its original line endings in your working directory.
warning: LF will be replaced by CRLF in _sass/custom.scss.
The file will have its original line endings in your working directory.
warning: LF will be replaced by CRLF in _sass/layout.scss.
The file will have its original line endings in your working directory.
warning: LF will be replaced by CRLF in _sass/mixin.scss.
The file will have its original line endings in your working directory.
warning: LF will be replaced by CRLF in _sass/syntax.scss.
The file will have its original line endings in your working directory.
warning: LF will be replaced by CRLF in _sass/typography.scss.
The file will have its original line endings in your working directory.
warning: LF will be replaced by CRLF in _site/404.html.
The file will have its original line endings in your working directory.
warning: LF will be replaced by CRLF in _site/README.md.
The file will have its original line endings in your working directory.
warning: LF will be replaced by CRLF in _site/about.html.
The file will have its original line endings in your working directory.
warning: LF will be replaced by CRLF in _site/atom.xml.
The file will have its original line endings in your working directory.
warning: LF will be replaced by CRLF in _site/code-example.html.
The file will have its original line endings in your working directory.
warning: LF will be replaced by CRLF in _site/css/main.css.
The file will have its original line endings in your working directory.
warning: LF will be replaced by CRLF in _site/hello-world.html.
The file will have its original line endings in your working directory.
warning: LF will be replaced by CRLF in _site/img/monochrome.svg.
The file will have its original line endings in your working directory.
warning: LF will be replaced by CRLF in _site/index.html.
The file will have its original line endings in your working directory.
warning: LF will be replaced by CRLF in _site/js/main.js.
The file will have its original line endings in your working directory.
warning: LF will be replaced by CRLF in _site/license.md.
The file will have its original line endings in your working directory.
warning: LF will be replaced by CRLF in _site/page2/index.html.
The file will have its original line endings in your working directory.
warning: LF will be replaced by CRLF in _site/robots.txt.
The file will have its original line endings in your working directory.
warning: LF will be replaced by CRLF in _site/sitemap.xml.
The file will have its original line endings in your working directory.
warning: LF will be replaced by CRLF in _site/test-post-1.html.
The file will have its original line endings in your working directory.
warning: LF will be replaced by CRLF in _site/test-post-2.html.
The file will have its original line endings in your working directory.
warning: LF will be replaced by CRLF in _site/test-post-3.html.
The file will have its original line endings in your working directory.
warning: LF will be replaced by CRLF in _site/test-post-4.html.
The file will have its original line endings in your working directory.
warning: LF will be replaced by CRLF in _site/test-post-5.html.
The file will have its original line endings in your working directory.
warning: LF will be replaced by CRLF in _site/test-post-6.html.
The file will have its original line endings in your working directory.
warning: LF will be replaced by CRLF in _site/test-post-7.html.
The file will have its original line endings in your working directory.
warning: LF will be replaced by CRLF in _site/test-post-8.html.
The file will have its original line endings in your working directory.
warning: LF will be replaced by CRLF in _site/thereviewindex-introduction.html.
The file will have its original line endings in your working directory.
warning: LF will be replaced by CRLF in _site/typography-example.html.
The file will have its original line endings in your working directory.
warning: LF will be replaced by CRLF in about.md.
The file will have its original line endings in your working directory.
warning: LF will be replaced by CRLF in atom.xml.
The file will have its original line endings in your working directory.
warning: LF will be replaced by CRLF in css/main.scss.
The file will have its original line endings in your working directory.
warning: LF will be replaced by CRLF in img/monochrome.svg.
The file will have its original line endings in your working directory.
warning: LF will be replaced by CRLF in index.html.
The file will have its original line endings in your working directory.
warning: LF will be replaced by CRLF in js/main.js.
The file will have its original line endings in your working directory.
warning: LF will be replaced by CRLF in license.md.
The file will have its original line endings in your working directory.

Kuo@Kuo-PC MINGW64 ~/blogger (gh-pages)
$ git commit -m "updated site"
[gh-pages cafd85c] updated site
 79 files changed, 5434 insertions(+)
 create mode 100644 .sass-cache/9d5f1fc03c023c58a3e0f0d3fa4742f778bbdef6/base.scssc
 create mode 100644 .sass-cache/9d5f1fc03c023c58a3e0f0d3fa4742f778bbdef6/custom.scssc
 create mode 100644 .sass-cache/9d5f1fc03c023c58a3e0f0d3fa4742f778bbdef6/layout.scssc
 create mode 100644 .sass-cache/9d5f1fc03c023c58a3e0f0d3fa4742f778bbdef6/mixin.scssc
 create mode 100644 .sass-cache/9d5f1fc03c023c58a3e0f0d3fa4742f778bbdef6/syntax.scssc
 create mode 100644 .sass-cache/9d5f1fc03c023c58a3e0f0d3fa4742f778bbdef6/typography.scssc
 create mode 100644 404.md
 create mode 100644 Gemfile
 create mode 100644 README.md
 create mode 100644 _config.yml
 create mode 100644 _includes/footer.html
 create mode 100644 _includes/head.html
 create mode 100644 _includes/header-custom.html
 create mode 100644 _includes/header.html
 create mode 100644 _includes/link.html
 create mode 100644 _includes/menu.html
 create mode 100644 _includes/nav-footer-custom.html
 create mode 100644 _includes/nav-footer.html
 create mode 100644 _includes/script.html
 create mode 100644 _layouts/default.html
 create mode 100644 _layouts/page.html
 create mode 100644 _layouts/post.html
 create mode 100644 _posts/2017-02-10-hello-world.md
 create mode 100644 _posts/2017-02-11-test-post-1.md
 create mode 100644 _posts/2017-02-11-test-post-2.md
 create mode 100644 _posts/2017-02-11-test-post-3.md
 create mode 100644 _posts/2017-02-11-test-post-4.md
 create mode 100644 _posts/2017-02-11-test-post-5.md
 create mode 100644 _posts/2017-02-11-test-post-6.md
 create mode 100644 _posts/2017-02-11-test-post-7.md
 create mode 100644 _posts/2017-02-11-test-post-8.md
 create mode 100644 _posts/2017-02-12-code-example.md
 create mode 100644 _posts/2017-02-14-typography-example.md
 create mode 100644 _posts/2017-02-18-thereviewindex-introduction.md
 create mode 100644 _sass/base.scss
 create mode 100644 _sass/custom.scss
 create mode 100644 _sass/layout.scss
 create mode 100644 _sass/mixin.scss
 create mode 100644 _sass/syntax.scss
 create mode 100644 _sass/typography.scss
 create mode 100644 _site/404.html
 create mode 100644 _site/README.md
 create mode 100644 _site/about.html
 create mode 100644 _site/atom.xml
 create mode 100644 _site/code-example.html
 create mode 100644 _site/css/main.css
 create mode 100644 _site/hello-world.html
 create mode 100644 _site/img/favicon.png
 create mode 100644 _site/img/img-test.png
 create mode 100644 _site/img/monochrome-mobile.png
 create mode 100644 _site/img/monochrome.svg
 create mode 100644 _site/img/monochrome01.png
 create mode 100644 _site/index.html
 create mode 100644 _site/js/main.js
 create mode 100644 _site/license.md
 create mode 100644 _site/page2/index.html
 create mode 100644 _site/robots.txt
 create mode 100644 _site/sitemap.xml
 create mode 100644 _site/test-post-1.html
 create mode 100644 _site/test-post-2.html
 create mode 100644 _site/test-post-3.html
 create mode 100644 _site/test-post-4.html
 create mode 100644 _site/test-post-5.html
 create mode 100644 _site/test-post-6.html
 create mode 100644 _site/test-post-7.html
 create mode 100644 _site/test-post-8.html
 create mode 100644 _site/thereviewindex-introduction.html
 create mode 100644 _site/typography-example.html
 create mode 100644 about.md
 create mode 100644 atom.xml
 create mode 100644 css/main.scss
 create mode 100644 img/favicon.png
 create mode 100644 img/img-test.png
 create mode 100644 img/monochrome-mobile.png
 create mode 100644 img/monochrome.svg
 create mode 100644 img/monochrome01.png
 create mode 100644 index.html
 create mode 100644 js/main.js
 create mode 100644 license.md

Kuo@Kuo-PC MINGW64 ~/blogger (gh-pages)
$ git push origin gh-pages
Enter passphrase for key '/c/Users/Kuo/.ssh/id_rsa':
To github.com:flkuo/blog.git
 ! [rejected]        gh-pages -> gh-pages (fetch first)
error: failed to push some refs to 'git@github.com:flkuo/blog.git'
hint: Updates were rejected because the remote contains work that you do
hint: not have locally. This is usually caused by another repository pushing
hint: to the same ref. You may want to first integrate the remote changes
hint: (e.g., 'git pull ...') before pushing again.
hint: See the 'Note about fast-forwards' in 'git push --help' for details.

Kuo@Kuo-PC MINGW64 ~/blogger (gh-pages)
$ git fetch origin
Enter passphrase for key '/c/Users/Kuo/.ssh/id_rsa':
remote: Counting objects: 3, done.
remote: Total 3 (delta 0), reused 0 (delta 0), pack-reused 0
Unpacking objects: 100% (3/3), done.
From github.com:flkuo/blog
 * [new branch]      gh-pages   -> origin/gh-pages

Kuo@Kuo-PC MINGW64 ~/blogger (gh-pages)
$ git merge origin blog
merge: origin - not something we can merge

Kuo@Kuo-PC MINGW64 ~/blogger (gh-pages)
$ git merge origin gh-pages
merge: origin - not something we can merge

Kuo@Kuo-PC MINGW64 ~/blogger (gh-pages)
$ git pull origin gh-pages
Enter passphrase for key '/c/Users/Kuo/.ssh/id_rsa':
From github.com:flkuo/blog
 * branch            gh-pages   -> FETCH_HEAD
fatal: refusing to merge unrelated histories

Kuo@Kuo-PC MINGW64 ~/blogger (gh-pages)
$ git pull origin gh-pages --force
Enter passphrase for key '/c/Users/Kuo/.ssh/id_rsa':
From github.com:flkuo/blog
 * branch            gh-pages   -> FETCH_HEAD
fatal: refusing to merge unrelated histories

Kuo@Kuo-PC MINGW64 ~/blogger (gh-pages)
$ git stash
No local changes to save

Kuo@Kuo-PC MINGW64 ~/blogger (gh-pages)
$ git pull
Enter passphrase for key '/c/Users/Kuo/.ssh/id_rsa':
There is no tracking information for the current branch.
Please specify which branch you want to merge with.
See git-pull(1) for details.

    git pull <remote> <branch>

If you wish to set tracking information for this branch you can do so with:

    git branch --set-upstream-to=origin/<branch> gh-pages


Kuo@Kuo-PC MINGW64 ~/blogger (gh-pages)
$ git pull origin gh-pages
Enter passphrase for key '/c/Users/Kuo/.ssh/id_rsa':
From github.com:flkuo/blog
 * branch            gh-pages   -> FETCH_HEAD
fatal: refusing to merge unrelated histories

Kuo@Kuo-PC MINGW64 ~/blogger (gh-pages)
$ git pull origin gh-pages --allow-unrelated-histories
Enter passphrase for key '/c/Users/Kuo/.ssh/id_rsa':
From github.com:flkuo/blog
 * branch            gh-pages   -> FETCH_HEAD
Auto-merging README.md
CONFLICT (add/add): Merge conflict in README.md
Automatic merge failed; fix conflicts and then commit the result.

Kuo@Kuo-PC MINGW64 ~/blogger (gh-pages|MERGING)
$ git push origin gh-pages
Enter passphrase for key '/c/Users/Kuo/.ssh/id_rsa':
To github.com:flkuo/blog.git
 ! [rejected]        gh-pages -> gh-pages (non-fast-forward)
error: failed to push some refs to 'git@github.com:flkuo/blog.git'
hint: Updates were rejected because the tip of your current branch is behind
hint: its remote counterpart. Integrate the remote changes (e.g.
hint: 'git pull ...') before pushing again.
hint: See the 'Note about fast-forwards' in 'git push --help' for details.

Kuo@Kuo-PC MINGW64 ~/blogger (gh-pages|MERGING)
$ git push -f origin gh-pages
Enter passphrase for key '/c/Users/Kuo/.ssh/id_rsa':
Counting objects: 88, done.
Delta compression using up to 4 threads.
Compressing objects: 100% (82/82), done.
Writing objects: 100% (88/88), 243.97 KiB | 925.00 KiB/s, done.
Total 88 (delta 22), reused 0 (delta 0)
remote: Resolving deltas: 100% (22/22), done.
To github.com:flkuo/blog.git
 + d165267...cafd85c gh-pages -> gh-pages (forced update)

Kuo@Kuo-PC MINGW64 ~/blogger (gh-pages|MERGING)
$
